// Jest Snapshot v1, https://goo.gl/fbAQLP

exports[`Animation works correctly Creates AdditiveFrame corretly 1`] = `
Uint8Array [
  97,
  110,
  105,
  109,
  97,
  116,
  105,
  111,
  110,
  0,
  3,
  144,
  1,
  1,
  0,
  0,
  0,
  255,
  255,
  255,
  2,
  144,
  1,
  0,
  0,
  0,
  255,
  255,
  255,
  0,
  0,
  0,
  0,
  0,
  0,
  2,
  144,
  1,
  0,
  0,
  0,
  0,
  0,
  0,
  255,
  255,
  255,
  0,
  0,
  0,
  2,
  144,
  1,
  0,
  0,
  0,
  0,
  0,
  0,
  0,
  0,
  0,
  255,
  255,
  255,
]
`;

exports[`Animation works correctly VisualFrames works corretly 1`] = `
Uint8Array [
  97,
  110,
  105,
  109,
  97,
  116,
  105,
  111,
  110,
  0,
  2,
  144,
  1,
  255,
  255,
  255,
  0,
  0,
  0,
  0,
  0,
  0,
  0,
  0,
  0,
  2,
  144,
  1,
  0,
  0,
  0,
  255,
  255,
  255,
  0,
  0,
  0,
  0,
  0,
  0,
  2,
  144,
  1,
  0,
  0,
  0,
  0,
  0,
  0,
  255,
  255,
  255,
  0,
  0,
  0,
  2,
  144,
  1,
  0,
  0,
  0,
  0,
  0,
  0,
  0,
  0,
  0,
  255,
  255,
  255,
]
`;
